
  .   ____          _            __ _ _
 /\\ / ___'_ __ _ _(_)_ __  __ _ \ \ \ \
( ( )\___ | '_ | '_| | '_ \/ _` | \ \ \ \
 \\/  ___)| |_)| | | | | || (_| |  ) ) ) )
  '  |____| .__|_| |_|_| |_\__, | / / / /
 =========|_|==============|___/=/_/_/_/

 :: Spring Boot ::                (v4.1.0)

2026-07-28T18:55:21.816-03:00  INFO 14088 --- [           main] Lista.ToDo.ToDoApplication               : Starting ToDoApplication using Java 21.0.8 with PID 14088 (C:\Users\luma2\Downloads\ToDo\ToDo\target\classes started by luma2 in C:\Users\luma2\Downloads\ToDo\ToDo)
2026-07-28T18:55:21.820-03:00  INFO 14088 --- [           main] Lista.ToDo.ToDoApplication               : No active profile set, falling back to 1 default profile: "default"
2026-07-28T18:55:22.361-03:00  INFO 14088 --- [           main] .s.d.r.c.RepositoryConfigurationDelegate : Bootstrapping Spring Data JPA repositories in DEFAULT mode.
2026-07-28T18:55:22.410-03:00  INFO 14088 --- [           main] .s.d.r.c.RepositoryConfigurationDelegate : Finished Spring Data repository scanning in 41 ms. Found 1 JPA repository interface.
2026-07-28T18:55:22.793-03:00  INFO 14088 --- [           main] o.s.boot.tomcat.TomcatWebServer          : Tomcat initialized with port 8080 (http)
2026-07-28T18:55:22.809-03:00  INFO 14088 --- [           main] o.apache.catalina.core.StandardService   : Starting service [Tomcat]
2026-07-28T18:55:22.809-03:00  INFO 14088 --- [           main] o.apache.catalina.core.StandardEngine    : Starting Servlet engine: [Apache Tomcat/11.0.22]
2026-07-28T18:55:22.865-03:00  INFO 14088 --- [           main] b.w.c.s.WebApplicationContextInitializer : Root WebApplicationContext: initialization completed in 997 ms
2026-07-28T18:55:23.028-03:00  INFO 14088 --- [           main] org.hibernate.orm.jpa                    : HHH008540: Processing PersistenceUnitInfo [name: default]
2026-07-28T18:55:23.078-03:00  INFO 14088 --- [           main] org.hibernate.orm.core                   : HHH000001: Hibernate ORM core version 7.4.1.Final
2026-07-28T18:55:23.503-03:00  INFO 14088 --- [           main] o.s.o.j.p.SpringPersistenceUnitInfo      : No LoadTimeWeaver setup: ignoring JPA class transformer
2026-07-28T18:55:23.533-03:00  INFO 14088 --- [           main] com.zaxxer.hikari.HikariDataSource       : HikariPool-1 - Starting...
2026-07-28T18:55:23.701-03:00  INFO 14088 --- [           main] com.zaxxer.hikari.pool.HikariPool        : HikariPool-1 - Added connection conn0: url=jdbc:h2:mem:produtos user=SA
2026-07-28T18:55:23.703-03:00  INFO 14088 --- [           main] com.zaxxer.hikari.HikariDataSource       : HikariPool-1 - Start completed.
2026-07-28T18:55:23.760-03:00  INFO 14088 --- [           main] org.hibernate.orm.connections.pooling    : HHH10001005: Database info:
	Database JDBC URL [jdbc:h2:mem:produtos]
	Database driver: H2 JDBC Driver
	Database dialect: H2Dialect
	Database version: 2.4.240
	Default catalog/schema: PRODUTOS/PUBLIC
	Autocommit mode: undefined/unknown
	Isolation level: READ_COMMITTED [default READ_COMMITTED]
	JDBC fetch size: 100
	Pool: DataSourceConnectionProvider
	Minimum pool size: undefined/unknown
	Maximum pool size: undefined/unknown
2026-07-28T18:55:24.611-03:00  INFO 14088 --- [           main] org.hibernate.orm.core                   : HHH000489: No JTA platform available (set 'hibernate.transaction.jta.platform' to enable JTA platform integration)
Hibernate: 
    create table todo (
        id integer generated by default as identity,
        data_criacao timestamp(6) not null,
        data_ultima_atualizacao timestamp(6) not null,
        descricao varchar(100) not null,
        status enum ('DONE','IN_PROGRESS','PENDING') not null,
        titulo varchar(100) not null,
        primary key (id)
    )
2026-07-28T18:55:24.673-03:00  INFO 14088 --- [           main] j.LocalContainerEntityManagerFactoryBean : Initialized JPA EntityManagerFactory for persistence unit 'default'
2026-07-28T18:55:24.743-03:00  INFO 14088 --- [           main] o.s.d.j.r.query.QueryEnhancerFactories   : Hibernate is in classpath; If applicable, HQL parser will be used.
2026-07-28T18:55:24.861-03:00  WARN 14088 --- [           main] JpaBaseConfiguration$JpaWebConfiguration : spring.jpa.open-in-view is enabled by default. Therefore, database queries may be performed during view rendering. Explicitly configure spring.jpa.open-in-view to disable this warning
2026-07-28T18:55:25.080-03:00  INFO 14088 --- [           main] o.s.b.h.a.H2ConsoleAutoConfiguration     : H2 console available at '/h2-console'. Database available at 'jdbc:h2:mem:produtos'
2026-07-28T18:55:25.125-03:00  INFO 14088 --- [           main] o.s.boot.tomcat.TomcatWebServer          : Tomcat started on port 8080 (http) with context path '/'
2026-07-28T18:55:25.130-03:00  INFO 14088 --- [           main] Lista.ToDo.ToDoApplication               : Started ToDoApplication in 3.724 seconds (process running for 4.094)
2026-07-28T18:55:33.954-03:00  INFO 14088 --- [nio-8080-exec-1] o.a.c.c.C.[Tomcat].[localhost].[/]       : Initializing Spring DispatcherServlet 'dispatcherServlet'
2026-07-28T18:55:33.954-03:00  INFO 14088 --- [nio-8080-exec-1] o.s.web.servlet.DispatcherServlet        : Initializing Servlet 'dispatcherServlet'
2026-07-28T18:55:33.956-03:00  INFO 14088 --- [nio-8080-exec-1] o.s.web.servlet.DispatcherServlet        : Completed initialization in 2 ms
Hibernate: 
    select
        td1_0.id,
        td1_0.data_criacao,
        td1_0.data_ultima_atualizacao,
        td1_0.descricao,
        td1_0.status,
        td1_0.titulo 
    from
        todo td1_0
Hibernate: 
    select
        td1_0.id,
        td1_0.data_criacao,
        td1_0.data_ultima_atualizacao,
        td1_0.descricao,
        td1_0.status,
        td1_0.titulo 
    from
        todo td1_0
Hibernate: 
    select
        td1_0.id,
        td1_0.data_criacao,
        td1_0.data_ultima_atualizacao,
        td1_0.descricao,
        td1_0.status,
        td1_0.titulo 
    from
        todo td1_0
Hibernate: 
    insert 
    into
        todo
        (data_criacao, data_ultima_atualizacao, descricao, status, titulo, id) 
    values
        (?, ?, ?, ?, ?, default)
Hibernate: 
    select
        td1_0.id,
        td1_0.data_criacao,
        td1_0.data_ultima_atualizacao,
        td1_0.descricao,
        td1_0.status,
        td1_0.titulo 
    from
        todo td1_0
